
     Program epsilon v.7.5 starts on 24Sep2026 at 16:47:41 

     This program is part of the open-source Quantum ESPRESSO suite
     for quantum simulation of materials; please cite
         "P. Giannozzi et al., J. Phys.:Condens. Matter 21 395502 (2009);
         "P. Giannozzi et al., J. Phys.:Condens. Matter 29 465901 (2017);
         "P. Giannozzi et al., J. Chem. Phys. 152 154105 (2020);
          URL http://www.quantum-espresso.org", 
     in publications or presentations arising from this work. More details at
     http://www.quantum-espresso.org/quote

     Parallel version (MPI), running on     4 processors

     MPI processes distributed on     1 nodes
     R & G space division:  proc/nbgrp/npool/nimage =       4
     1042 MiB available memory on the printing compute node when the environment starts



     Reading input file...
     Broadcasting variables...
     Reading PW restart file...

     Reading xml data from directory:

     ./tmp/ti2cf2_eps.save/

     IMPORTANT: XC functional enforced from input :
     Exchange-correlation= PBE
                           (   1   4   3   4   0   0   0)
     Any further DFT definition will be discarded
     Please, verify this is what you really want


     Parallelization info
     --------------------
     sticks:   dense  smooth     PW     G-vecs:    dense   smooth      PW
     Min         186      91     30                28620    10110    2018
     Max         187      92     31                28631    10122    2049
     Sum         745     367    121               114499    40467    8113

     Using Slab Decomposition



     Fermi energy [eV] is:  1.04866
     The system is a metal (occupations are not fixed)...
     metallic system: redefining wmin =     0.001000

     Performing eps calculation...

     xx,yy,zz plasmon frequences [eV] are:     8.954196249    8.954205289    7.803557734

     Writing output on file...


     eps          :      2.10s CPU      2.33s WALL (       1 calls)
     dipole_calc  :      1.06s CPU      1.27s WALL (     144 calls)


     epsilon      :      2.57s CPU      2.84s WALL


   This run was terminated on:  16:47:44  24Sep2026            

=------------------------------------------------------------------------------=
   JOB DONE.
=------------------------------------------------------------------------------=
